Class OrganizationHealth column organization_id has FKs: {ForeignKey('platform.organizations.id')}
  FK: ForeignKey('platform.organizations.id'), original colspec: platform.organizations.id
Class OrganizationDomain column organization_id has FKs: {ForeignKey('platform.organizations.id')}
  FK: ForeignKey('platform.organizations.id'), original colspec: platform.organizations.id
Class OrganizationSetting column organization_id has FKs: {ForeignKey('platform.organizations.id')}
  FK: ForeignKey('platform.organizations.id'), original colspec: platform.organizations.id
Class FeatureFlag column organization_id has FKs: {ForeignKey('platform.organizations.id')}
  FK: ForeignKey('platform.organizations.id'), original colspec: platform.organizations.id
Class TenantLimit column organization_id has FKs: {ForeignKey('platform.organizations.id')}
  FK: ForeignKey('platform.organizations.id'), original colspec: platform.organizations.id
Class TenantUsage column organization_id has FKs: {ForeignKey('platform.organizations.id')}
  FK: ForeignKey('platform.organizations.id'), original colspec: platform.organizations.id
Class OrganizationSubscription column organization_id has FKs: {ForeignKey('platform.organizations.id')}
  FK: ForeignKey('platform.organizations.id'), original colspec: platform.organizations.id
Class OrganizationSubscription column plan_id has FKs: {ForeignKey('billing.subscription_plans.id')}
  FK: ForeignKey('billing.subscription_plans.id'), original colspec: billing.subscription_plans.id
Class PlanFeature column plan_id has FKs: {ForeignKey('billing.subscription_plans.id')}
  FK: ForeignKey('billing.subscription_plans.id'), original colspec: billing.subscription_plans.id
Class PlanFeature column feature_id has FKs: {ForeignKey('platform.feature_catalog.id')}
  FK: ForeignKey('platform.feature_catalog.id'), original colspec: platform.feature_catalog.id
Class OrganizationFeature column organization_id has FKs: {ForeignKey('platform.organizations.id')}
  FK: ForeignKey('platform.organizations.id'), original colspec: platform.organizations.id
Class OrganizationFeature column feature_id has FKs: {ForeignKey('platform.feature_catalog.id')}
  FK: ForeignKey('platform.feature_catalog.id'), original colspec: platform.feature_catalog.id
Class OrganizationFeature column override_by has FKs: {ForeignKey('identity.users.id')}
  FK: ForeignKey('identity.users.id'), original colspec: identity.users.id
Class AddonFeature column addon_id has FKs: {ForeignKey('billing.addons.id')}
  FK: ForeignKey('billing.addons.id'), original colspec: billing.addons.id
Class AddonFeature column feature_id has FKs: {ForeignKey('platform.feature_catalog.id')}
  FK: ForeignKey('platform.feature_catalog.id'), original colspec: platform.feature_catalog.id
Class OrganizationAddon column organization_id has FKs: {ForeignKey('platform.organizations.id')}
  FK: ForeignKey('platform.organizations.id'), original colspec: platform.organizations.id
Class OrganizationAddon column addon_id has FKs: {ForeignKey('billing.addons.id')}
  FK: ForeignKey('billing.addons.id'), original colspec: billing.addons.id
Class ActivityTimeline column organization_id has FKs: {ForeignKey('platform.organizations.id')}
  FK: ForeignKey('platform.organizations.id'), original colspec: platform.organizations.id
Class ActivityTimeline column actor_id has FKs: {ForeignKey('identity.users.id')}
  FK: ForeignKey('identity.users.id'), original colspec: identity.users.id
Class RevenueMetric column organization_id has FKs: {ForeignKey('platform.organizations.id')}
  FK: ForeignKey('platform.organizations.id'), original colspec: platform.organizations.id
Class SupportTicket column organization_id has FKs: {ForeignKey('platform.organizations.id')}
  FK: ForeignKey('platform.organizations.id'), original colspec: platform.organizations.id
Class SupportTicket column creator_id has FKs: {ForeignKey('identity.users.id')}
  FK: ForeignKey('identity.users.id'), original colspec: identity.users.id
Class SupportTicket column assigned_to has FKs: {ForeignKey('identity.users.id')}
  FK: ForeignKey('identity.users.id'), original colspec: identity.users.id
Class TicketComment column ticket_id has FKs: {ForeignKey('support.support_tickets.id')}
  FK: ForeignKey('support.support_tickets.id'), original colspec: support.support_tickets.id
Class TicketComment column author_id has FKs: {ForeignKey('identity.users.id')}
  FK: ForeignKey('identity.users.id'), original colspec: identity.users.id
Class Invoice column organization_id has FKs: {ForeignKey('platform.organizations.id')}
  FK: ForeignKey('platform.organizations.id'), original colspec: platform.organizations.id
Class InvoiceItem column invoice_id has FKs: {ForeignKey('billing.invoices.id')}
  FK: ForeignKey('billing.invoices.id'), original colspec: billing.invoices.id
Class PaymentMethod column organization_id has FKs: {ForeignKey('platform.organizations.id')}
  FK: ForeignKey('platform.organizations.id'), original colspec: platform.organizations.id
Class MarketplaceSubscription column organization_id has FKs: {ForeignKey('platform.organizations.id')}
  FK: ForeignKey('platform.organizations.id'), original colspec: platform.organizations.id
Class MarketplaceSubscription column app_id has FKs: {ForeignKey('marketplace.apps.id')}
  FK: ForeignKey('marketplace.apps.id'), original colspec: marketplace.apps.id
Class MarketplaceTransaction column organization_id has FKs: {ForeignKey('platform.organizations.id')}
  FK: ForeignKey('platform.organizations.id'), original colspec: platform.organizations.id
Class MarketplaceTransaction column subscription_id has FKs: {ForeignKey('billing.marketplace_subscriptions.id')}
  FK: ForeignKey('billing.marketplace_subscriptions.id'), original colspec: billing.marketplace_subscriptions.id
Class TicketAttachment column ticket_id has FKs: {ForeignKey('support.support_tickets.id')}
  FK: ForeignKey('support.support_tickets.id'), original colspec: support.support_tickets.id
Class Escalation column ticket_id has FKs: {ForeignKey('support.support_tickets.id')}
  FK: ForeignKey('support.support_tickets.id'), original colspec: support.support_tickets.id
Class Escalation column escalated_to has FKs: {ForeignKey('identity.users.id')}
  FK: ForeignKey('identity.users.id'), original colspec: identity.users.id
Class SlaPolicy column organization_id has FKs: {ForeignKey('platform.organizations.id')}
  FK: ForeignKey('platform.organizations.id'), original colspec: platform.organizations.id
Class SupportAgent column user_id has FKs: {ForeignKey('identity.users.id')}
  FK: ForeignKey('identity.users.id'), original colspec: identity.users.id
Class KnowledgeArticle column organization_id has FKs: {ForeignKey('platform.organizations.id')}
  FK: ForeignKey('platform.organizations.id'), original colspec: platform.organizations.id
Class User column organization_id has FKs: {ForeignKey('platform.organizations.id')}
  FK: ForeignKey('platform.organizations.id'), original colspec: platform.organizations.id
Class RefreshToken column user_id has FKs: {ForeignKey('identity.users.id')}
  FK: ForeignKey('identity.users.id'), original colspec: identity.users.id
Class SecurityEvent column event_id has FKs: {ForeignKey('events.events.id')}
  FK: ForeignKey('events.events.id'), original colspec: events.events.id
Class SecurityEvent column user_id has FKs: {ForeignKey('identity.users.id')}
  FK: ForeignKey('identity.users.id'), original colspec: identity.users.id
Class MfaDevice column user_id has FKs: {ForeignKey('identity.users.id')}
  FK: ForeignKey('identity.users.id'), original colspec: identity.users.id
Class UserSession column user_id has FKs: {ForeignKey('identity.users.id')}
  FK: ForeignKey('identity.users.id'), original colspec: identity.users.id
Class PasswordHistory column user_id has FKs: {ForeignKey('identity.users.id')}
  FK: ForeignKey('identity.users.id'), original colspec: identity.users.id
Class UserApiKey column user_id has FKs: {ForeignKey('identity.users.id')}
  FK: ForeignKey('identity.users.id'), original colspec: identity.users.id
Class PasswordResetToken column user_id has FKs: {ForeignKey('identity.users.id')}
  FK: ForeignKey('identity.users.id'), original colspec: identity.users.id
Class TrustedDevice column user_id has FKs: {ForeignKey('identity.users.id')}
  FK: ForeignKey('identity.users.id'), original colspec: identity.users.id
Class UserPreference column user_id has FKs: {ForeignKey('identity.users.id')}
  FK: ForeignKey('identity.users.id'), original colspec: identity.users.id
Class SsoIdentity column user_id has FKs: {ForeignKey('identity.users.id')}
  FK: ForeignKey('identity.users.id'), original colspec: identity.users.id
Class OrganizationMember column organization_id has FKs: {ForeignKey('platform.organizations.id')}
  FK: ForeignKey('platform.organizations.id'), original colspec: platform.organizations.id
Class OrganizationMember column user_id has FKs: {ForeignKey('identity.users.id')}
  FK: ForeignKey('identity.users.id'), original colspec: identity.users.id
Class OrganizationMember column invited_by has FKs: {ForeignKey('identity.users.id')}
  FK: ForeignKey('identity.users.id'), original colspec: identity.users.id
Class Role column organization_id has FKs: {ForeignKey('platform.organizations.id')}
  FK: ForeignKey('platform.organizations.id'), original colspec: platform.organizations.id
Class RolePermission column role_id has FKs: {ForeignKey('rbac.roles.id')}
  FK: ForeignKey('rbac.roles.id'), original colspec: rbac.roles.id
Class RolePermission column permission_id has FKs: {ForeignKey('rbac.permissions.id')}
  FK: ForeignKey('rbac.permissions.id'), original colspec: rbac.permissions.id
Class UserRoleAssignment column user_id has FKs: {ForeignKey('identity.users.id')}
  FK: ForeignKey('identity.users.id'), original colspec: identity.users.id
Class UserRoleAssignment column role_id has FKs: {ForeignKey('rbac.roles.id')}
  FK: ForeignKey('rbac.roles.id'), original colspec: rbac.roles.id
Class UserRoleAssignment column organization_id has FKs: {ForeignKey('platform.organizations.id')}
  FK: ForeignKey('platform.organizations.id'), original colspec: platform.organizations.id
Class UserRoleAssignment column event_id has FKs: {ForeignKey('events.events.id')}
  FK: ForeignKey('events.events.id'), original colspec: events.events.id
Class UserRoleAssignment column assigned_by has FKs: {ForeignKey('identity.users.id')}
  FK: ForeignKey('identity.users.id'), original colspec: identity.users.id
Class ScopedPermission column user_id has FKs: {ForeignKey('identity.users.id')}
  FK: ForeignKey('identity.users.id'), original colspec: identity.users.id
Class ScopedPermission column permission_id has FKs: {ForeignKey('rbac.permissions.id')}
  FK: ForeignKey('rbac.permissions.id'), original colspec: rbac.permissions.id
Class UserAccessNode column user_id has FKs: {ForeignKey('identity.users.id')}
  FK: ForeignKey('identity.users.id'), original colspec: identity.users.id
Class RoleInheritanceMap column parent_role_id has FKs: {ForeignKey('rbac.roles.id')}
  FK: ForeignKey('rbac.roles.id'), original colspec: rbac.roles.id
Class RoleInheritanceMap column child_role_id has FKs: {ForeignKey('rbac.roles.id')}
  FK: ForeignKey('rbac.roles.id'), original colspec: rbac.roles.id
Class UserEventAssignment column user_id has FKs: {ForeignKey('identity.users.id')}
  FK: ForeignKey('identity.users.id'), original colspec: identity.users.id
Class UserEventAssignment column event_id has FKs: {ForeignKey('events.events.id')}
  FK: ForeignKey('events.events.id'), original colspec: events.events.id
Class ApplicationPermission column role_id has FKs: {ForeignKey('rbac.roles.id')}
  FK: ForeignKey('rbac.roles.id'), original colspec: rbac.roles.id
Class ApplicationPermission column permission_id has FKs: {ForeignKey('rbac.permissions.id')}
  FK: ForeignKey('rbac.permissions.id'), original colspec: rbac.permissions.id
Class FeaturePermission column feature_id has FKs: {ForeignKey('platform.feature_catalog.id')}
  FK: ForeignKey('platform.feature_catalog.id'), original colspec: platform.feature_catalog.id
Class FeaturePermission column permission_id has FKs: {ForeignKey('rbac.permissions.id')}
  FK: ForeignKey('rbac.permissions.id'), original colspec: rbac.permissions.id
Class Event column organization_id has FKs: {ForeignKey('platform.organizations.id')}
  FK: ForeignKey('platform.organizations.id'), original colspec: platform.organizations.id
Class Event column created_by has FKs: {ForeignKey('identity.users.id')}
  FK: ForeignKey('identity.users.id'), original colspec: identity.users.id
Class Room column event_id has FKs: {ForeignKey('events.events.id')}
  FK: ForeignKey('events.events.id'), original colspec: events.events.id
Class CapacityRule column event_id has FKs: {ForeignKey('events.events.id')}
  FK: ForeignKey('events.events.id'), original colspec: events.events.id
Class CapacityRule column session_id has FKs: {ForeignKey('events.sessions.id')}
  FK: ForeignKey('events.sessions.id'), original colspec: events.sessions.id
Class CapacityRule column room_id has FKs: {ForeignKey('events.rooms.id')}
  FK: ForeignKey('events.rooms.id'), original colspec: events.rooms.id
Class Session column event_id has FKs: {ForeignKey('events.events.id')}
  FK: ForeignKey('events.events.id'), original colspec: events.events.id
Class Session column room_id has FKs: {ForeignKey('events.rooms.id')}
  FK: ForeignKey('events.rooms.id'), original colspec: events.rooms.id
Class Session column moderator_id has FKs: {ForeignKey('identity.users.id')}
  FK: ForeignKey('identity.users.id'), original colspec: identity.users.id
Class Speaker column event_id has FKs: {ForeignKey('events.events.id')}
  FK: ForeignKey('events.events.id'), original colspec: events.events.id
Class Speaker column user_id has FKs: {ForeignKey('identity.users.id')}
  FK: ForeignKey('identity.users.id'), original colspec: identity.users.id
Class SessionSpeaker column session_id has FKs: {ForeignKey('events.sessions.id')}
  FK: ForeignKey('events.sessions.id'), original colspec: events.sessions.id
Class SessionSpeaker column speaker_id has FKs: {ForeignKey('events.speakers.id')}
  FK: ForeignKey('events.speakers.id'), original colspec: events.speakers.id
Class SessionSpeaker column presentation_bundle_id has FKs: {ForeignKey('presentations.bundles.id')}
  FK: ForeignKey('presentations.bundles.id'), original colspec: presentations.bundles.id
Class SpeakerProfile column speaker_id has FKs: {ForeignKey('events.speakers.id')}
  FK: ForeignKey('events.speakers.id'), original colspec: events.speakers.id
Class SpeakerProfile column event_id has FKs: {ForeignKey('events.events.id')}
  FK: ForeignKey('events.events.id'), original colspec: events.events.id
Class SpeakerProfile column organization_id has FKs: {ForeignKey('platform.organizations.id')}
  FK: ForeignKey('platform.organizations.id'), original colspec: platform.organizations.id
Class Track column event_id has FKs: {ForeignKey('events.events.id')}
  FK: ForeignKey('events.events.id'), original colspec: events.events.id
Class Agenda column event_id has FKs: {ForeignKey('events.events.id')}
  FK: ForeignKey('events.events.id'), original colspec: events.events.id
Class AgendaItem column agenda_id has FKs: {ForeignKey('events.agendas.id')}
  FK: ForeignKey('events.agendas.id'), original colspec: events.agendas.id
Class SessionTemplate column event_id has FKs: {ForeignKey('events.events.id')}
  FK: ForeignKey('events.events.id'), original colspec: events.events.id
Class RoomAllocation column room_id has FKs: {ForeignKey('events.rooms.id')}
  FK: ForeignKey('events.rooms.id'), original colspec: events.rooms.id
Class RoomAllocation column session_id has FKs: {ForeignKey('events.sessions.id')}
  FK: ForeignKey('events.sessions.id'), original colspec: events.sessions.id
Class EventSetting column event_id has FKs: {ForeignKey('events.events.id')}
  FK: ForeignKey('events.events.id'), original colspec: events.events.id
Class EventAsset column event_id has FKs: {ForeignKey('events.events.id')}
  FK: ForeignKey('events.events.id'), original colspec: events.events.id
Class PresentationFile column speaker_id has FKs: {ForeignKey('events.speakers.id')}
  FK: ForeignKey('events.speakers.id'), original colspec: events.speakers.id
Class PresentationFile column session_speaker_id has FKs: {ForeignKey('events.session_speakers.id')}
  FK: ForeignKey('events.session_speakers.id'), original colspec: events.session_speakers.id
Class PresentationFile column event_id has FKs: {ForeignKey('events.events.id')}
  FK: ForeignKey('events.events.id'), original colspec: events.events.id
Class PresentationFile column approved_by has FKs: {ForeignKey('identity.users.id')}
  FK: ForeignKey('identity.users.id'), original colspec: identity.users.id
Class FileValidation column file_id has FKs: {ForeignKey('presentations.files.id')}
  FK: ForeignKey('presentations.files.id'), original colspec: presentations.files.id
Class FileIntegrityLog column file_id has FKs: {ForeignKey('presentations.files.id')}
  FK: ForeignKey('presentations.files.id'), original colspec: presentations.files.id
Class PresentationBundle column session_speaker_id has FKs: {ForeignKey('events.session_speakers.id')}
  FK: ForeignKey('events.session_speakers.id'), original colspec: events.session_speakers.id
Class PresentationBundle column event_id has FKs: {ForeignKey('events.events.id')}
  FK: ForeignKey('events.events.id'), original colspec: events.events.id
Class BundleFile column bundle_id has FKs: {ForeignKey('presentations.bundles.id')}
  FK: ForeignKey('presentations.bundles.id'), original colspec: presentations.bundles.id
Class BundleFile column file_id has FKs: {ForeignKey('presentations.files.id')}
  FK: ForeignKey('presentations.files.id'), original colspec: presentations.files.id
Class Poster column event_id has FKs: {ForeignKey('events.events.id')}
  FK: ForeignKey('events.events.id'), original colspec: events.events.id
Class Poster column speaker_id has FKs: {ForeignKey('events.speakers.id')}
  FK: ForeignKey('events.speakers.id'), original colspec: events.speakers.id
Class Poster column session_id has FKs: {ForeignKey('events.sessions.id')}
  FK: ForeignKey('events.sessions.id'), original colspec: events.sessions.id
Class Poster column reviewed_by has FKs: {ForeignKey('identity.users.id')}
  FK: ForeignKey('identity.users.id'), original colspec: identity.users.id
Class PresentationFileVersion column file_id has FKs: {ForeignKey('presentations.files.id')}
  FK: ForeignKey('presentations.files.id'), original colspec: presentations.files.id
Class PresentationReviewComment column file_id has FKs: {ForeignKey('presentations.files.id')}
  FK: ForeignKey('presentations.files.id'), original colspec: presentations.files.id
Class PresentationReviewComment column commenter_id has FKs: {ForeignKey('identity.users.id')}
  FK: ForeignKey('identity.users.id'), original colspec: identity.users.id
Class PresentationApproval column file_id has FKs: {ForeignKey('presentations.files.id')}
  FK: ForeignKey('presentations.files.id'), original colspec: presentations.files.id
Class PresentationApproval column approved_by has FKs: {ForeignKey('identity.users.id')}
  FK: ForeignKey('identity.users.id'), original colspec: identity.users.id
Class PresentationProcessingJob column file_id has FKs: {ForeignKey('presentations.files.id')}
  FK: ForeignKey('presentations.files.id'), original colspec: presentations.files.id
Class Participant column event_id has FKs: {ForeignKey('events.events.id')}
  FK: ForeignKey('events.events.id'), original colspec: events.events.id
Class Participant column role_id has FKs: {ForeignKey('registration.roles.id')}
  FK: ForeignKey('registration.roles.id'), original colspec: registration.roles.id
Class ParticipantRole column event_id has FKs: {ForeignKey('events.events.id')}
  FK: ForeignKey('events.events.id'), original colspec: events.events.id
Class ParticipantRegistration column event_id has FKs: {ForeignKey('events.events.id')}
  FK: ForeignKey('events.events.id'), original colspec: events.events.id
Class ParticipantRegistration column participant_id has FKs: {ForeignKey('registration.participants.id')}
  FK: ForeignKey('registration.participants.id'), original colspec: registration.participants.id
Class ParticipantRegistration column reviewed_by has FKs: {ForeignKey('identity.users.id')}
  FK: ForeignKey('identity.users.id'), original colspec: identity.users.id
Class TicketType column event_id has FKs: {ForeignKey('events.events.id')}
  FK: ForeignKey('events.events.id'), original colspec: events.events.id
Class PromoCode column event_id has FKs: {ForeignKey('events.events.id')}
  FK: ForeignKey('events.events.id'), original colspec: events.events.id
Class PaymentTransaction column event_id has FKs: {ForeignKey('events.events.id')}
  FK: ForeignKey('events.events.id'), original colspec: events.events.id
Class PaymentTransaction column registration_id has FKs: {ForeignKey('registration.registrations.id')}
  FK: ForeignKey('registration.registrations.id'), original colspec: registration.registrations.id
Class PaymentTransaction column promo_code_id has FKs: {ForeignKey('registration.promo_codes.id')}
  FK: ForeignKey('registration.promo_codes.id'), original colspec: registration.promo_codes.id
Class RegistrationFormConfig column event_id has FKs: {ForeignKey('events.events.id')}
  FK: ForeignKey('events.events.id'), original colspec: events.events.id
Class Badge column participant_id has FKs: {ForeignKey('registration.participants.id')}
  FK: ForeignKey('registration.participants.id'), original colspec: registration.participants.id
Class Badge column template_id has FKs: {ForeignKey('registration.print_templates.id')}
  FK: ForeignKey('registration.print_templates.id'), original colspec: registration.print_templates.id
Class BadgeHistory column badge_id has FKs: {ForeignKey('registration.badges.id')}
  FK: ForeignKey('registration.badges.id'), original colspec: registration.badges.id
Class BadgeHistory column performed_by has FKs: {ForeignKey('identity.users.id')}
  FK: ForeignKey('identity.users.id'), original colspec: identity.users.id
Class BadgePrintJob column badge_id has FKs: {ForeignKey('registration.badges.id')}
  FK: ForeignKey('registration.badges.id'), original colspec: registration.badges.id
Class BadgePrintJob column printer_id has FKs: {ForeignKey('venue.printers.id')}
  FK: ForeignKey('venue.printers.id'), original colspec: venue.printers.id
Class BadgeScan column badge_id has FKs: {ForeignKey('registration.badges.id')}
  FK: ForeignKey('registration.badges.id'), original colspec: registration.badges.id
Class PrintTemplate column event_id has FKs: {ForeignKey('events.events.id')}
  FK: ForeignKey('events.events.id'), original colspec: events.events.id
Class CheckIn column event_id has FKs: {ForeignKey('events.events.id')}
  FK: ForeignKey('events.events.id'), original colspec: events.events.id
Class CheckIn column participant_id has FKs: {ForeignKey('registration.participants.id')}
  FK: ForeignKey('registration.participants.id'), original colspec: registration.participants.id
Class CheckIn column session_id has FKs: {ForeignKey('events.sessions.id')}
  FK: ForeignKey('events.sessions.id'), original colspec: events.sessions.id
Class RegistrationThemeSetting column event_id has FKs: {ForeignKey('events.events.id')}
  FK: ForeignKey('events.events.id'), original colspec: events.events.id
Class ImportJob column event_id has FKs: {ForeignKey('events.events.id')}
  FK: ForeignKey('events.events.id'), original colspec: events.events.id
Class ImportJob column uploaded_by has FKs: {ForeignKey('identity.users.id')}
  FK: ForeignKey('identity.users.id'), original colspec: identity.users.id
Class FormField column form_id has FKs: {ForeignKey('registration.registration_forms.id')}
  FK: ForeignKey('registration.registration_forms.id'), original colspec: registration.registration_forms.id
Class FormSubmission column form_id has FKs: {ForeignKey('registration.registration_forms.id')}
  FK: ForeignKey('registration.registration_forms.id'), original colspec: registration.registration_forms.id
Class Waitlist column event_id has FKs: {ForeignKey('events.events.id')}
  FK: ForeignKey('events.events.id'), original colspec: events.events.id
Class Waitlist column user_id has FKs: {ForeignKey('identity.users.id')}
  FK: ForeignKey('identity.users.id'), original colspec: identity.users.id
Class SpeakerThemeSetting column event_id has FKs: {ForeignKey('events.events.id')}
  FK: ForeignKey('events.events.id'), original colspec: events.events.id
Class AuditLog column organization_id has FKs: {ForeignKey('platform.organizations.id')}
  FK: ForeignKey('platform.organizations.id'), original colspec: platform.organizations.id
Class AuditLog column actor_user_id has FKs: {ForeignKey('identity.users.id')}
  FK: ForeignKey('identity.users.id'), original colspec: identity.users.id
Class AuditLog column impersonated_by has FKs: {ForeignKey('identity.users.id')}
  FK: ForeignKey('identity.users.id'), original colspec: identity.users.id
Class EmailCampaign column event_id has FKs: {ForeignKey('events.events.id')}
  FK: ForeignKey('events.events.id'), original colspec: events.events.id
Class EmailCampaign column template_id has FKs: {ForeignKey('communications.email_templates.id')}
  FK: ForeignKey('communications.email_templates.id'), original colspec: communications.email_templates.id
Class EmailCampaign column created_by has FKs: {ForeignKey('identity.users.id')}
  FK: ForeignKey('identity.users.id'), original colspec: identity.users.id
Class EmailCampaign column session_id_filter has FKs: {ForeignKey('events.sessions.id')}
  FK: ForeignKey('events.sessions.id'), original colspec: events.sessions.id
Class EmailCampaign column room_id_filter has FKs: {ForeignKey('events.rooms.id')}
  FK: ForeignKey('events.rooms.id'), original colspec: events.rooms.id
Class EmailLog column campaign_id has FKs: {ForeignKey('communications.email_campaigns.id')}
  FK: ForeignKey('communications.email_campaigns.id'), original colspec: communications.email_campaigns.id
Class EmailLog column speaker_id has FKs: {ForeignKey('events.speakers.id')}
  FK: ForeignKey('events.speakers.id'), original colspec: events.speakers.id
Class EmailLog column participant_id has FKs: {ForeignKey('registration.participants.id')}
  FK: ForeignKey('registration.participants.id'), original colspec: registration.participants.id
Class SRRCheckin column event_id has FKs: {ForeignKey('events.events.id')}
  FK: ForeignKey('events.events.id'), original colspec: events.events.id
Class SRRCheckin column speaker_id has FKs: {ForeignKey('events.speakers.id')}
  FK: ForeignKey('events.speakers.id'), original colspec: events.speakers.id
Class SRRCheckin column station_id has FKs: {ForeignKey('venue.srr_stations.id')}
  FK: ForeignKey('venue.srr_stations.id'), original colspec: venue.srr_stations.id
Class SRRCheckin column checked_in_by has FKs: {ForeignKey('identity.users.id')}
  FK: ForeignKey('identity.users.id'), original colspec: identity.users.id
Class VenueSyncJob column event_id has FKs: {ForeignKey('events.events.id')}
  FK: ForeignKey('events.events.id'), original colspec: events.events.id
Class VenueSyncJob column file_id has FKs: {ForeignKey('presentations.files.id')}
  FK: ForeignKey('presentations.files.id'), original colspec: presentations.files.id
Class EmailTemplate column event_id has FKs: {ForeignKey('events.events.id')}
  FK: ForeignKey('events.events.id'), original colspec: events.events.id
Class EmailTemplate column created_by has FKs: {ForeignKey('identity.users.id')}
  FK: ForeignKey('identity.users.id'), original colspec: identity.users.id
Class SpeakerInvitation column event_id has FKs: {ForeignKey('events.events.id')}
  FK: ForeignKey('events.events.id'), original colspec: events.events.id
Class SpeakerUploadToken column speaker_id has FKs: {ForeignKey('events.speakers.id')}
  FK: ForeignKey('events.speakers.id'), original colspec: events.speakers.id
Class SpeakerTravelRequest column speaker_id has FKs: {ForeignKey('events.speakers.id')}
  FK: ForeignKey('events.speakers.id'), original colspec: events.speakers.id
Class SpeakerAccommodationRequest column speaker_id has FKs: {ForeignKey('events.speakers.id')}
  FK: ForeignKey('events.speakers.id'), original colspec: events.speakers.id
Class SpeakerHonorarium column speaker_id has FKs: {ForeignKey('events.speakers.id')}
  FK: ForeignKey('events.speakers.id'), original colspec: events.speakers.id
Class SpeakerCommunicationHistory column speaker_id has FKs: {ForeignKey('events.speakers.id')}
  FK: ForeignKey('events.speakers.id'), original colspec: events.speakers.id
Class SpeakerProfileVersion column speaker_id has FKs: {ForeignKey('events.speakers.id')}
  FK: ForeignKey('events.speakers.id'), original colspec: events.speakers.id
Class SRRStation column event_id has FKs: {ForeignKey('events.events.id')}
  FK: ForeignKey('events.events.id'), original colspec: events.events.id
Class SRRStation column assigned_speaker_id has FKs: {ForeignKey('events.speakers.id')}
  FK: ForeignKey('events.speakers.id'), original colspec: events.speakers.id
Class RoomDevice column event_id has FKs: {ForeignKey('events.events.id')}
  FK: ForeignKey('events.events.id'), original colspec: events.events.id
Class RoomDevice column room_id has FKs: {ForeignKey('events.rooms.id')}
  FK: ForeignKey('events.rooms.id'), original colspec: events.rooms.id
Class PresentationQueue column session_id has FKs: {ForeignKey('events.sessions.id')}
  FK: ForeignKey('events.sessions.id'), original colspec: events.sessions.id
Class PresentationQueue column session_speaker_id has FKs: {ForeignKey('events.session_speakers.id')}
  FK: ForeignKey('events.session_speakers.id'), original colspec: events.session_speakers.id
Class PresentationQueue column file_id has FKs: {ForeignKey('presentations.files.id')}
  FK: ForeignKey('presentations.files.id'), original colspec: presentations.files.id
Class PresentationQueue column device_id has FKs: {ForeignKey('venue.devices.id')}
  FK: ForeignKey('venue.devices.id'), original colspec: venue.devices.id
Class PlaybackEvent column playback_session_id has FKs: {ForeignKey('venue.presentation_queue.id')}
  FK: ForeignKey('venue.presentation_queue.id'), original colspec: venue.presentation_queue.id
Class PlaybackEvent column device_id has FKs: {ForeignKey('venue.devices.id')}
  FK: ForeignKey('venue.devices.id'), original colspec: venue.devices.id
Class VenueActivityLog column event_id has FKs: {ForeignKey('events.events.id')}
  FK: ForeignKey('events.events.id'), original colspec: events.events.id
Class VenueActivityLog column station_id has FKs: {ForeignKey('venue.srr_stations.id')}
  FK: ForeignKey('venue.srr_stations.id'), original colspec: venue.srr_stations.id
Class VenueActivityLog column speaker_id has FKs: {ForeignKey('events.speakers.id')}
  FK: ForeignKey('events.speakers.id'), original colspec: events.speakers.id
Class VenueActivityLog column performed_by has FKs: {ForeignKey('identity.users.id')}
  FK: ForeignKey('identity.users.id'), original colspec: identity.users.id
Class VenueActivityLog column file_id has FKs: {ForeignKey('presentations.files.id')}
  FK: ForeignKey('presentations.files.id'), original colspec: presentations.files.id
Class Announcement column event_id has FKs: {ForeignKey('events.events.id')}
  FK: ForeignKey('events.events.id'), original colspec: events.events.id
Class Announcement column created_by has FKs: {ForeignKey('identity.users.id')}
  FK: ForeignKey('identity.users.id'), original colspec: identity.users.id
Class PushNotification column event_id has FKs: {ForeignKey('events.events.id')}
  FK: ForeignKey('events.events.id'), original colspec: events.events.id
Class DeviceToken column user_id has FKs: {ForeignKey('identity.users.id')}
  FK: ForeignKey('identity.users.id'), original colspec: identity.users.id
Class NotificationPreference column user_id has FKs: {ForeignKey('identity.users.id')}
  FK: ForeignKey('identity.users.id'), original colspec: identity.users.id
Class Webhook column event_id has FKs: {ForeignKey('events.events.id')}
  FK: ForeignKey('events.events.id'), original colspec: events.events.id
Class IntegrationConnection column organization_id has FKs: {ForeignKey('platform.organizations.id')}
  FK: ForeignKey('platform.organizations.id'), original colspec: platform.organizations.id
Class IntegrationConnection column provider_id has FKs: {ForeignKey('integrations.providers.id')}
  FK: ForeignKey('integrations.providers.id'), original colspec: integrations.providers.id
Class IntegrationOAuthConnection column connection_id has FKs: {ForeignKey('integrations.connections.id')}
  FK: ForeignKey('integrations.connections.id'), original colspec: integrations.connections.id
Class IntegrationSyncJob column connection_id has FKs: {ForeignKey('integrations.connections.id')}
  FK: ForeignKey('integrations.connections.id'), original colspec: integrations.connections.id
Class IntegrationSyncHistory column job_id has FKs: {ForeignKey('integrations.sync_jobs.id')}
  FK: ForeignKey('integrations.sync_jobs.id'), original colspec: integrations.sync_jobs.id
Class IntegrationWebhookDelivery column webhook_id has FKs: {ForeignKey('integrations.webhooks.id')}
  FK: ForeignKey('integrations.webhooks.id'), original colspec: integrations.webhooks.id
Class IntegrationExternalResource column connection_id has FKs: {ForeignKey('integrations.connections.id')}
  FK: ForeignKey('integrations.connections.id'), original colspec: integrations.connections.id
Class IntegrationLog column connection_id has FKs: {ForeignKey('integrations.connections.id')}
  FK: ForeignKey('integrations.connections.id'), original colspec: integrations.connections.id
Class IntegrationSetting column connection_id has FKs: {ForeignKey('integrations.connections.id')}
  FK: ForeignKey('integrations.connections.id'), original colspec: integrations.connections.id
Class IntegrationMarketplaceApp column app_id has FKs: {ForeignKey('marketplace.apps.id')}
  FK: ForeignKey('marketplace.apps.id'), original colspec: marketplace.apps.id
Class AttendanceLog column participant_id has FKs: {ForeignKey('registration.participants.id')}
  FK: ForeignKey('registration.participants.id'), original colspec: registration.participants.id
Class AttendanceLog column session_id has FKs: {ForeignKey('events.sessions.id')}
  FK: ForeignKey('events.sessions.id'), original colspec: events.sessions.id
Class OrganizationUsage column organization_id has FKs: {ForeignKey('platform.organizations.id')}
  FK: ForeignKey('platform.organizations.id'), original colspec: platform.organizations.id
Class UsageEvent column organization_id has FKs: {ForeignKey('platform.organizations.id')}
  FK: ForeignKey('platform.organizations.id'), original colspec: platform.organizations.id
Class UsageSnapshot column organization_id has FKs: {ForeignKey('platform.organizations.id')}
  FK: ForeignKey('platform.organizations.id'), original colspec: platform.organizations.id
Class DashboardMetric column organization_id has FKs: {ForeignKey('platform.organizations.id')}
  FK: ForeignKey('platform.organizations.id'), original colspec: platform.organizations.id
Class FeatureUsage column organization_id has FKs: {ForeignKey('platform.organizations.id')}
  FK: ForeignKey('platform.organizations.id'), original colspec: platform.organizations.id
Class FeatureUsage column feature_id has FKs: {ForeignKey('platform.feature_catalog.id')}
  FK: ForeignKey('platform.feature_catalog.id'), original colspec: platform.feature_catalog.id
Class ApplicationUsage column organization_id has FKs: {ForeignKey('platform.organizations.id')}
  FK: ForeignKey('platform.organizations.id'), original colspec: platform.organizations.id
Class ApplicationUsage column app_id has FKs: {ForeignKey('applications.apps.id')}
  FK: ForeignKey('applications.apps.id'), original colspec: applications.apps.id
Class ApiUsageMetric column organization_id has FKs: {ForeignKey('platform.organizations.id')}
  FK: ForeignKey('platform.organizations.id'), original colspec: platform.organizations.id
Class EventMetric column event_id has FKs: {ForeignKey('events.events.id')}
  FK: ForeignKey('events.events.id'), original colspec: events.events.id
Class AdoptionMetric column organization_id has FKs: {ForeignKey('platform.organizations.id')}
  FK: ForeignKey('platform.organizations.id'), original colspec: platform.organizations.id
Class ImpersonationLog column super_admin_id has FKs: {ForeignKey('identity.users.id')}
  FK: ForeignKey('identity.users.id'), original colspec: identity.users.id
Class ImpersonationLog column target_organization_id has FKs: {ForeignKey('platform.organizations.id')}
  FK: ForeignKey('platform.organizations.id'), original colspec: platform.organizations.id
Class ImpersonationLog column target_user_id has FKs: {ForeignKey('identity.users.id')}
  FK: ForeignKey('identity.users.id'), original colspec: identity.users.id
Class ImpersonationLog column approved_by has FKs: {ForeignKey('identity.users.id')}
  FK: ForeignKey('identity.users.id'), original colspec: identity.users.id
Class PermissionAuditLog column acting_user_id has FKs: {ForeignKey('identity.users.id')}
  FK: ForeignKey('identity.users.id'), original colspec: identity.users.id
Class PermissionAuditLog column target_user_id has FKs: {ForeignKey('identity.users.id')}
  FK: ForeignKey('identity.users.id'), original colspec: identity.users.id
Class AppVersion column app_id has FKs: {ForeignKey('applications.apps.id')}
  FK: ForeignKey('applications.apps.id'), original colspec: applications.apps.id
Class OrganizationApp column organization_id has FKs: {ForeignKey('platform.organizations.id')}
  FK: ForeignKey('platform.organizations.id'), original colspec: platform.organizations.id
Class OrganizationApp column app_id has FKs: {ForeignKey('applications.apps.id')}
  FK: ForeignKey('applications.apps.id'), original colspec: applications.apps.id
Class MobileConfiguration column organization_id has FKs: {ForeignKey('platform.organizations.id')}
  FK: ForeignKey('platform.organizations.id'), original colspec: platform.organizations.id
Class MobileConfiguration column app_id has FKs: {ForeignKey('applications.apps.id')}
  FK: ForeignKey('applications.apps.id'), original colspec: applications.apps.id
Class AppFeature column app_id has FKs: {ForeignKey('applications.apps.id')}
  FK: ForeignKey('applications.apps.id'), original colspec: applications.apps.id
Class AppPermission column app_id has FKs: {ForeignKey('applications.apps.id')}
  FK: ForeignKey('applications.apps.id'), original colspec: applications.apps.id
Class DeviceApp column device_id has FKs: {ForeignKey('venue.devices.id')}
  FK: ForeignKey('venue.devices.id'), original colspec: venue.devices.id
Class DeviceApp column app_id has FKs: {ForeignKey('applications.apps.id')}
  FK: ForeignKey('applications.apps.id'), original colspec: applications.apps.id
Class AppRelease column app_id has FKs: {ForeignKey('applications.apps.id')}
  FK: ForeignKey('applications.apps.id'), original colspec: applications.apps.id
Class AppConfiguration column app_id has FKs: {ForeignKey('applications.apps.id')}
  FK: ForeignKey('applications.apps.id'), original colspec: applications.apps.id
Class PushNotificationConfig column app_id has FKs: {ForeignKey('applications.apps.id')}
  FK: ForeignKey('applications.apps.id'), original colspec: applications.apps.id
Class AppAuditLog column app_id has FKs: {ForeignKey('applications.apps.id')}
  FK: ForeignKey('applications.apps.id'), original colspec: applications.apps.id
Class AppAuditLog column performed_by has FKs: {ForeignKey('identity.users.id')}
  FK: ForeignKey('identity.users.id'), original colspec: identity.users.id
Class ApiKey column organization_id has FKs: {ForeignKey('platform.organizations.id')}
  FK: ForeignKey('platform.organizations.id'), original colspec: platform.organizations.id
Class OAuthClient column organization_id has FKs: {ForeignKey('platform.organizations.id')}
  FK: ForeignKey('platform.organizations.id'), original colspec: platform.organizations.id
Class RateLimit column organization_id has FKs: {ForeignKey('platform.organizations.id')}
  FK: ForeignKey('platform.organizations.id'), original colspec: platform.organizations.id
Class DeveloperApiUsage column organization_id has FKs: {ForeignKey('platform.organizations.id')}
  FK: ForeignKey('platform.organizations.id'), original colspec: platform.organizations.id
Class DeveloperApiSubscription column organization_id has FKs: {ForeignKey('platform.organizations.id')}
  FK: ForeignKey('platform.organizations.id'), original colspec: platform.organizations.id
Class DeveloperApiSubscription column product_id has FKs: {ForeignKey('developer.api_products.id')}
  FK: ForeignKey('developer.api_products.id'), original colspec: developer.api_products.id
Class DeveloperOAuthAuthorization column client_id has FKs: {ForeignKey('developer.oauth_clients.id')}
  FK: ForeignKey('developer.oauth_clients.id'), original colspec: developer.oauth_clients.id
Class DeveloperOAuthAuthorization column user_id has FKs: {ForeignKey('identity.users.id')}
  FK: ForeignKey('identity.users.id'), original colspec: identity.users.id
Class DeveloperOAuthToken column client_id has FKs: {ForeignKey('developer.oauth_clients.id')}
  FK: ForeignKey('developer.oauth_clients.id'), original colspec: developer.oauth_clients.id
Class DeveloperOAuthToken column user_id has FKs: {ForeignKey('identity.users.id')}
  FK: ForeignKey('identity.users.id'), original colspec: identity.users.id
Class DeveloperApiAuditLog column organization_id has FKs: {ForeignKey('platform.organizations.id')}
  FK: ForeignKey('platform.organizations.id'), original colspec: platform.organizations.id
Class Account column organization_id has FKs: {ForeignKey('platform.organizations.id')}
  FK: ForeignKey('platform.organizations.id'), original colspec: platform.organizations.id
Class Contact column account_id has FKs: {ForeignKey('crm.accounts.id')}
  FK: ForeignKey('crm.accounts.id'), original colspec: crm.accounts.id
Class Contact column organization_id has FKs: {ForeignKey('platform.organizations.id')}
  FK: ForeignKey('platform.organizations.id'), original colspec: platform.organizations.id
Class Lead column contact_id has FKs: {ForeignKey('crm.contacts.id')}
  FK: ForeignKey('crm.contacts.id'), original colspec: crm.contacts.id
Class Lead column organization_id has FKs: {ForeignKey('platform.organizations.id')}
  FK: ForeignKey('platform.organizations.id'), original colspec: platform.organizations.id
Class Opportunity column organization_id has FKs: {ForeignKey('platform.organizations.id')}
  FK: ForeignKey('platform.organizations.id'), original colspec: platform.organizations.id
Class Opportunity column account_id has FKs: {ForeignKey('crm.accounts.id')}
  FK: ForeignKey('crm.accounts.id'), original colspec: crm.accounts.id
Class Opportunity column stage_id has FKs: {ForeignKey('crm.pipeline_stages.id')}
  FK: ForeignKey('crm.pipeline_stages.id'), original colspec: crm.pipeline_stages.id
Class Task column organization_id has FKs: {ForeignKey('platform.organizations.id')}
  FK: ForeignKey('platform.organizations.id'), original colspec: platform.organizations.id
Class Activity column organization_id has FKs: {ForeignKey('platform.organizations.id')}
  FK: ForeignKey('platform.organizations.id'), original colspec: platform.organizations.id
Class Note column organization_id has FKs: {ForeignKey('platform.organizations.id')}
  FK: ForeignKey('platform.organizations.id'), original colspec: platform.organizations.id
Class Contract column organization_id has FKs: {ForeignKey('platform.organizations.id')}
  FK: ForeignKey('platform.organizations.id'), original colspec: platform.organizations.id
Class Proposal column organization_id has FKs: {ForeignKey('platform.organizations.id')}
  FK: ForeignKey('platform.organizations.id'), original colspec: platform.organizations.id
Class Proposal column opportunity_id has FKs: {ForeignKey('crm.opportunities.id')}
  FK: ForeignKey('crm.opportunities.id'), original colspec: crm.opportunities.id
Class CustomerHealth column organization_id has FKs: {ForeignKey('platform.organizations.id')}
  FK: ForeignKey('platform.organizations.id'), original colspec: platform.organizations.id
Class Renewal column organization_id has FKs: {ForeignKey('platform.organizations.id')}
  FK: ForeignKey('platform.organizations.id'), original colspec: platform.organizations.id
Class Renewal column contract_id has FKs: {ForeignKey('crm.contracts.id')}
  FK: ForeignKey('crm.contracts.id'), original colspec: crm.contracts.id
Class Interaction column organization_id has FKs: {ForeignKey('platform.organizations.id')}
  FK: ForeignKey('platform.organizations.id'), original colspec: platform.organizations.id
Class MarketplaceReview column app_id has FKs: {ForeignKey('marketplace.apps.id')}
  FK: ForeignKey('marketplace.apps.id'), original colspec: marketplace.apps.id
Class MarketplaceReview column reviewer_id has FKs: {ForeignKey('identity.users.id')}
  FK: ForeignKey('identity.users.id'), original colspec: identity.users.id
Class MarketplaceInstallation column app_id has FKs: {ForeignKey('marketplace.apps.id')}
  FK: ForeignKey('marketplace.apps.id'), original colspec: marketplace.apps.id
Class MarketplaceInstallation column organization_id has FKs: {ForeignKey('platform.organizations.id')}
  FK: ForeignKey('platform.organizations.id'), original colspec: platform.organizations.id
Class MarketplacePermission column app_id has FKs: {ForeignKey('marketplace.apps.id')}
  FK: ForeignKey('marketplace.apps.id'), original colspec: marketplace.apps.id
Class MarketplaceAppSubscription column app_id has FKs: {ForeignKey('marketplace.apps.id')}
  FK: ForeignKey('marketplace.apps.id'), original colspec: marketplace.apps.id
Class MarketplaceAppSubscription column organization_id has FKs: {ForeignKey('platform.organizations.id')}
  FK: ForeignKey('platform.organizations.id'), original colspec: platform.organizations.id
Class MarketplaceAppTransaction column subscription_id has FKs: {ForeignKey('marketplace.subscriptions.id')}
  FK: ForeignKey('marketplace.subscriptions.id'), original colspec: marketplace.subscriptions.id
Class MarketplaceVersionHistory column app_id has FKs: {ForeignKey('marketplace.apps.id')}
  FK: ForeignKey('marketplace.apps.id'), original colspec: marketplace.apps.id
Class MarketplacePackage column app_id has FKs: {ForeignKey('marketplace.apps.id')}
  FK: ForeignKey('marketplace.apps.id'), original colspec: marketplace.apps.id
Class Workflow column organization_id has FKs: {ForeignKey('platform.organizations.id')}
  FK: ForeignKey('platform.organizations.id'), original colspec: platform.organizations.id
Class WorkflowStep column workflow_id has FKs: {ForeignKey('workflow.workflows.id')}
  FK: ForeignKey('workflow.workflows.id'), original colspec: workflow.workflows.id
Class WorkflowInstance column workflow_id has FKs: {ForeignKey('workflow.workflows.id')}
  FK: ForeignKey('workflow.workflows.id'), original colspec: workflow.workflows.id
Class WorkflowInstance column organization_id has FKs: {ForeignKey('platform.organizations.id')}
  FK: ForeignKey('platform.organizations.id'), original colspec: platform.organizations.id
Class WorkflowTask column instance_id has FKs: {ForeignKey('workflow.workflow_instances.id')}
  FK: ForeignKey('workflow.workflow_instances.id'), original colspec: workflow.workflow_instances.id
Class WorkflowTask column step_id has FKs: {ForeignKey('workflow.workflow_steps.id')}
  FK: ForeignKey('workflow.workflow_steps.id'), original colspec: workflow.workflow_steps.id
Class WorkflowAssignment column task_id has FKs: {ForeignKey('workflow.workflow_tasks.id')}
  FK: ForeignKey('workflow.workflow_tasks.id'), original colspec: workflow.workflow_tasks.id
Class WorkflowAssignment column assigned_to has FKs: {ForeignKey('identity.users.id')}
  FK: ForeignKey('identity.users.id'), original colspec: identity.users.id
Class WorkflowHistory column instance_id has FKs: {ForeignKey('workflow.workflow_instances.id')}
  FK: ForeignKey('workflow.workflow_instances.id'), original colspec: workflow.workflow_instances.id
Class Asset column organization_id has FKs: {ForeignKey('platform.organizations.id')}
  FK: ForeignKey('platform.organizations.id'), original colspec: platform.organizations.id
Class AssetVersion column asset_id has FKs: {ForeignKey('files.assets.id')}
  FK: ForeignKey('files.assets.id'), original colspec: files.assets.id
Class AssetTag column asset_id has FKs: {ForeignKey('files.assets.id')}
  FK: ForeignKey('files.assets.id'), original colspec: files.assets.idINFO  [alembic.runtime.migration] Context impl PostgresqlImpl.
INFO  [alembic.runtime.migration] Will assume transactional DDL.
INFO  [alembic.runtime.migration] Running upgrade 511d300bd1ba -> 922d300bd1ba, subscription_plans_v2
Traceback (most recent call last):
  File "D:\DEV\conf-platform\services\backend\.venv\Lib\site-packages\sqlalchemy\engine\base.py", line 1969, in _exec_single_context
    self.dialect.do_execute(
    ~~~~~~~~~~~~~~~~~~~~~~~^
        cursor, str_statement, effective_parameters, context
        ^^^^^^^^^^^^^^^^^^^^^^^^^^^^^^^^^^^^^^^^^^^^^^^^^^^^
    )
    ^
  File "D:\DEV\conf-platform\services\backend\.venv\Lib\site-packages\sqlalchemy\engine\default.py", line 952, in do_execute
    cursor.execute(statement, parameters)
    ~~~~~~~~~~~~~~^^^^^^^^^^^^^^^^^^^^^^^
psycopg2.errors.UndefinedColumn: column "is_active" of relation "feature_catalog" does not exist
LINE 4:          description, is_active,
                              ^


The above exception was the direct cause of the following exception:

Traceback (most recent call last):
  File "<frozen runpy>", line 198, in _run_module_as_main
  File "<frozen runpy>", line 88, in _run_code
  File "D:\DEV\conf-platform\services\backend\.venv\Scripts\alembic.exe\__main__.py", line 6, in <module>
    sys.exit(main())
             ~~~~^^
  File "D:\DEV\conf-platform\services\backend\.venv\Lib\site-packages\alembic\config.py", line 1047, in main
    CommandLine(prog=prog).main(argv=argv)
    ~~~~~~~~~~~~~~~~~~~~~~~~~~~^^^^^^^^^^^
  File "D:\DEV\conf-platform\services\backend\.venv\Lib\site-packages\alembic\config.py", line 1037, in main
    self.run_cmd(cfg, options)
    ~~~~~~~~~~~~^^^^^^^^^^^^^^
  File "D:\DEV\conf-platform\services\backend\.venv\Lib\site-packages\alembic\config.py", line 971, in run_cmd
    fn(
    ~~^
        config,
        ^^^^^^^
        *[getattr(options, k, None) for k in positional],
        ^^^^^^^^^^^^^^^^^^^^^^^^^^^^^^^^^^^^^^^^^^^^^^^^^
        **{k: getattr(options, k, None) for k in kwarg},
        ^^^^^^^^^^^^^^^^^^^^^^^^^^^^^^^^^^^^^^^^^^^^^^^^
    )
    ^
  File "D:\DEV\conf-platform\services\backend\.venv\Lib\site-packages\alembic\command.py", line 483, in upgrade
    script.run_env()
    ~~~~~~~~~~~~~~^^
  File "D:\DEV\conf-platform\services\backend\.venv\Lib\site-packages\alembic\script\base.py", line 545, in run_env
    util.load_python_file(self.dir, "env.py")
    ~~~~~~~~~~~~~~~~~~~~~^^^^^^^^^^^^^^^^^^^^
  File "D:\DEV\conf-platform\services\backend\.venv\Lib\site-packages\alembic\util\pyfiles.py", line 116, in load_python_file
    module = load_module_py(module_id, path)
  File "D:\DEV\conf-platform\services\backend\.venv\Lib\site-packages\alembic\util\pyfiles.py", line 136, in load_module_py
    spec.loader.exec_module(module)  # type: ignore
    ~~~~~~~~~~~~~~~~~~~~~~~^^^^^^^^
  File "<frozen importlib._bootstrap_external>", line 1026, in exec_module
  File "<frozen importlib._bootstrap>", line 488, in _call_with_frames_removed
  File "D:\DEV\conf-platform\services\backend\alembic\env.py", line 138, in <module>
    run_migrations_online()
    ~~~~~~~~~~~~~~~~~~~~~^^
  File "D:\DEV\conf-platform\services\backend\alembic\env.py", line 131, in run_migrations_online
    context.run_migrations()
    ~~~~~~~~~~~~~~~~~~~~~~^^
  File "<string>", line 8, in run_migrations
  File "D:\DEV\conf-platform\services\backend\.venv\Lib\site-packages\alembic\runtime\environment.py", line 969, in run_migrations
    self.get_context().run_migrations(**kw)
    ~~~~~~~~~~~~~~~~~~~~~~~~~~~~~~~~~^^^^^^
  File "D:\DEV\conf-platform\services\backend\.venv\Lib\site-packages\alembic\runtime\migration.py", line 626, in run_migrations
    step.migration_fn(**kw)
    ~~~~~~~~~~~~~~~~~^^^^^^
  File "D:\DEV\conf-platform\services\backend\alembic\versions\20260613_0201_922d300bd1ba_subscription_plans_v2.py", line 152, in upgrade
    op.execute("""
    ~~~~~~~~~~^^^^
    INSERT INTO platform.feature_catalog
    ^^^^^^^^^^^^^^^^^^^^^^^^^^^^^^^^^^^^
    ...<71 lines>...
    ON CONFLICT (key) DO NOTHING;
    ^^^^^^^^^^^^^^^^^^^^^^^^^^^^^
    """)
    ^^^^
  File "<string>", line 8, in execute
  File "<string>", line 3, in execute
  File "D:\DEV\conf-platform\services\backend\.venv\Lib\site-packages\alembic\operations\ops.py", line 2667, in execute
    return operations.invoke(op)
           ~~~~~~~~~~~~~~~~~^^^^
  File "D:\DEV\conf-platform\services\backend\.venv\Lib\site-packages\alembic\operations\base.py", line 452, in invoke
    return fn(self, operation)
  File "D:\DEV\conf-platform\services\backend\.venv\Lib\site-packages\alembic\operations\toimpl.py", line 259, in execute_sql
    operations.migration_context.impl.execute(
    ~~~~~~~~~~~~~~~~~~~~~~~~~~~~~~~~~~~~~~~~~^
        operation.sqltext, execution_options=operation.execution_options
        ^^^^^^^^^^^^^^^^^^^^^^^^^^^^^^^^^^^^^^^^^^^^^^^^^^^^^^^^^^^^^^^^
    )
    ^
  File "D:\DEV\conf-platform\services\backend\.venv\Lib\site-packages\alembic\ddl\impl.py", line 263, in execute
    self._exec(sql, execution_options)
    ~~~~~~~~~~^^^^^^^^^^^^^^^^^^^^^^^^
  File "D:\DEV\conf-platform\services\backend\.venv\Lib\site-packages\alembic\ddl\impl.py", line 256, in _exec
    return conn.execute(construct, params)
           ~~~~~~~~~~~~^^^^^^^^^^^^^^^^^^^
  File "D:\DEV\conf-platform\services\backend\.venv\Lib\site-packages\sqlalchemy\engine\base.py", line 1421, in execute
    return meth(
        self,
        distilled_parameters,
        execution_options or NO_OPTIONS,
    )
  File "D:\DEV\conf-platform\services\backend\.venv\Lib\site-packages\sqlalchemy\sql\elements.py", line 526, in _execute_on_connection
    return connection._execute_clauseelement(
           ~~~~~~~~~~~~~~~~~~~~~~~~~~~~~~~~~^
        self, distilled_params, execution_options
        ^^^^^^^^^^^^^^^^^^^^^^^^^^^^^^^^^^^^^^^^^
    )
    ^
  File "D:\DEV\conf-platform\services\backend\.venv\Lib\site-packages\sqlalchemy\engine\base.py", line 1643, in _execute_clauseelement
    ret = self._execute_context(
        dialect,
    ...<8 lines>...
        cache_hit=cache_hit,
    )
  File "D:\DEV\conf-platform\services\backend\.venv\Lib\site-packages\sqlalchemy\engine\base.py", line 1848, in _execute_context
    return self._exec_single_context(
           ~~~~~~~~~~~~~~~~~~~~~~~~~^
        dialect, context, statement, parameters
        ^^^^^^^^^^^^^^^^^^^^^^^^^^^^^^^^^^^^^^^
    )
    ^
  File "D:\DEV\conf-platform\services\backend\.venv\Lib\site-packages\sqlalchemy\engine\base.py", line 1988, in _exec_single_context
    self._handle_dbapi_exception(
    ~~~~~~~~~~~~~~~~~~~~~~~~~~~~^
        e, str_statement, effective_parameters, cursor, context
        ^^^^^^^^^^^^^^^^^^^^^^^^^^^^^^^^^^^^^^^^^^^^^^^^^^^^^^^
    )
    ^
  File "D:\DEV\conf-platform\services\backend\.venv\Lib\site-packages\sqlalchemy\engine\base.py", line 2365, in _handle_dbapi_exception
    raise sqlalchemy_exception.with_traceback(exc_info[2]) from e
  File "D:\DEV\conf-platform\services\backend\.venv\Lib\site-packages\sqlalchemy\engine\base.py", line 1969, in _exec_single_context
    self.dialect.do_execute(
    ~~~~~~~~~~~~~~~~~~~~~~~^
        cursor, str_statement, effective_parameters, context
        ^^^^^^^^^^^^^^^^^^^^^^^^^^^^^^^^^^^^^^^^^^^^^^^^^^^^
    )
    ^
  File "D:\DEV\conf-platform\services\backend\.venv\Lib\site-packages\sqlalchemy\engine\default.py", line 952, in do_execute
    cursor.execute(statement, parameters)
    ~~~~~~~~~~~~~~^^^^^^^^^^^^^^^^^^^^^^^
sqlalchemy.exc.ProgrammingError: (psycopg2.errors.UndefinedColumn) column "is_active" of relation "feature_catalog" does not exist
LINE 4:          description, is_active,
                              ^

[SQL: 
    INSERT INTO platform.feature_catalog
        (id, key, name, category, category_order, feature_order,
         description, is_active,
         display_value_basic, display_value_professional, display_value_enterprise)
    VALUES
    (gen_random_uuid(), 'LIMIT_ORGANIZER_USERS', 'Organizer Users', 'PLATFORM_LIMITS', 1, 1, 'Maximum organizer/staff users allowed', true, '2', '10', '50'),
    (gen_random_uuid(), 'LIMIT_REGISTRATIONS', 'Registrations', 'PLATFORM_LIMITS', 1, 2, 'Maximum attendee registrations per event', true, 'Up to 150', 'Up to 1,000', 'Unlimited'),
    (gen_random_uuid(), 'LIMIT_SPEAKERS', 'Speakers', 'PLATFORM_LIMITS', 1, 3, 'Maximum speakers per event', true, 'Up to 30', 'Up to 100', 'Up to 500'),
    (gen_random_uuid(), 'LIMIT_SESSIONS', 'Sessions', 'PLATFORM_LIMITS', 1, 4, 'Maximum sessions per event', true, 'Up to 25', 'Up to 100', 'Unlimited'),
    (gen_random_uuid(), 'LIMIT_ROOMS', 'Rooms', 'PLATFORM_LIMITS', 1, 5, 'Maximum rooms/halls per event', true, 'Up to 5', 'Up to 20', 'Unlimited'),
    (gen_random_uuid(), 'LIMIT_STORAGE', 'Storage', 'PLATFORM_LIMITS', 1, 6, 'File storage quota', true, '10 GB', '50 GB', '200 GB+ (Custom)'),
    (gen_random_uuid(), 'FEAT_EVENT_WEBSITE', 'Event Website', 'PLATFORM_LIMITS', 1, 7, 'Event website quality and customization', true, 'Basic', 'Customizable', 'Fully Branded'),
    (gen_random_uuid(), 'FEAT_CUSTOM_DOMAIN', 'Custom Domain', 'PLATFORM_LIMITS', 1, 8, 'Use your own domain name for portals', true, '\u274c', '\u2705', '\u2705'),
    (gen_random_uuid(), 'FEAT_WHITE_LABEL', 'White Label', 'PLATFORM_LIMITS', 1, 9, 'Remove all EventX branding', true, '\u274c', '\u274c', '\u2705'),
    (gen_random_uuid(), 'FEAT_REGISTRATION_PORTAL', 'Registration Portal', 'REGISTRATION', 2, 1, 'Attendee-facing registration portal', true, 'Basic', 'Advanced', 'Enterprise'),
    (gen_random_uuid(), 'FEAT_REGISTRATION_FORMS', 'Registration Forms', 'REGISTRATION', 2, 2, 'Custom registration form fields', true, 'Standard (Up to 10 Fields)', 'Custom (Unlimited)', 'Custom (Unlimited)'),
    (gen_random_uuid(), 'FEAT_TICKET_CATEGORIES', 'Ticket Categories', 'REGISTRATION', 2, 3, 'Number of registration ticket types', true, '3', '10', 'Unlimited'),
    (gen_random_uuid(), 'FEAT_COUPON_CODES', 'Coupon Codes', 'REGISTRATION', 2, 4, 'Promotional discount codes for registration', true, '\u274c', '\u2705', '\u2705'),
    (gen_random_uuid(), 'FEAT_PAYMENT_GATEWAY', 'Payment Gateway Integration', 'REGISTRATION', 2, 5, 'Online payment collection for registrations', true, '\u2705', '\u2705', '\u2705'),
    (gen_random_uuid(), 'FEAT_REGISTRATION_ANALYTICS', 'Registration Analytics', 'REGISTRATION', 2, 6, 'Registration data reporting and insights', true, 'Basic', 'Advanced', 'Advanced'),
    (gen_random_uuid(), 'FEAT_BULK_IMPORT', 'Bulk Registration Import', 'REGISTRATION', 2, 7, 'Import attendees via CSV/Excel', true, '\u274c', '\u2705', '\u2705'),
    (gen_random_uuid(), 'FEAT_QR_CONFIRMATION', 'QR Registration Confirmation', 'REGISTRATION', 2, 8, 'QR code in confirmation email for check-in', true, '\u2705', '\u2705', '\u2705'),
    (gen_random_uuid(), 'FEAT_ATTENDEE_CHECKIN', 'Attendee Check-In', 'REGISTRATION', 2, 9, 'Attendee check-in system at venue', true, 'Basic', 'Advanced', 'Enterprise'),
    (gen_random_uuid(), 'FEAT_SPEAKER_PORTAL', 'Speaker Portal', 'SPEAKER_MANAGEMENT', 3, 1, 'Speaker-facing portal for profile and file uploads', true, 'Partial', 'Full', 'Full'),
    (gen_random_uuid(), 'FEAT_ABSTRACT_SUBMISSION', 'Abstract Submission', 'SPEAKER_MANAGEMENT', 3, 2, 'Call for papers and abstract review workflow', true, '\u274c', 'Advanced', 'Advanced'),
    (gen_random_uuid(), 'FEAT_FILE_UPLOADS', 'File Uploads', 'SPEAKER_MANAGEMENT', 3, 3, 'Speaker presentation file upload system', true, '\u2705', '\u2705', '\u2705'),
    (gen_random_uuid(), 'FEAT_PRESENTATION_VALIDATION', 'Presentation Validation', 'SPEAKER_MANAGEMENT', 3, 4, 'Automated deep file validation on upload', true, 'Basic', 'Advanced', 'Advanced'),
    (gen_random_uuid(), 'FEAT_SPEAKER_DASHBOARD', 'Speaker Dashboard', 'SPEAKER_MANAGEMENT', 3, 5, 'Speaker self-service dashboard', true, 'Basic', 'Advanced', 'Advanced'),
    (gen_random_uuid(), 'FEAT_SPEAKER_COMMS', 'Speaker Communications', 'SPEAKER_MANAGEMENT', 3, 6, 'Automated emails and notifications to speakers', true, 'Basic', 'Advanced', 'Advanced'),
    (gen_random_uuid(), 'FEAT_SPEAKER_PROFILES', 'Speaker Profiles', 'SPEAKER_MANAGEMENT', 3, 7, 'Public speaker profile pages', true, 'Basic', 'Customizable', 'Fully Custom'),
    (gen_random_uuid(), 'FEAT_MULTI_PRESENTATION_VERSIONS', 'Multiple Presentation Versions', 'SPEAKER_MANAGEMENT', 3, 8, 'Speakers can upload multiple file versions', true, '\u274c', '\u2705', '\u2705'),
    (gen_random_uuid(), 'FEAT_BADGE_TEMPLATES', 'Badge Templates', 'BADGE_CERTIFICATE', 4, 1, 'Number of badge design templates available', true, '3', 'Unlimited', 'Unlimited'),
    (gen_random_uuid(), 'FEAT_CERTIFICATE_TEMPLATES', 'Certificate Templates', 'BADGE_CERTIFICATE', 4, 2, 'Number of certificate design templates available', true, '3', 'Unlimited', 'Unlimited'),
    (gen_random_uuid(), 'FEAT_CUSTOM_BADGE_DESIGN', 'Custom Badge Design', 'BADGE_CERTIFICATE', 4, 3, 'Fully custom badge layout and design', true, '\u274c', '\u2705', '\u2705'),
    (gen_random_uuid(), 'FEAT_CUSTOM_CERT_DESIGN', 'Custom Certificate Design', 'BADGE_CERTIFICATE', 4, 4, 'Fully custom certificate layout and design', true, '\u274c', '\u2705', '\u2705'),
    (gen_random_uuid(), 'FEAT_QR_BADGE', 'QR Badge Generation', 'BADGE_CERTIFICATE', 4, 5, 'QR codes on badges for scanning', true, '\u2705', '\u2705', '\u2705'),
    (gen_random_uuid(), 'FEAT_BULK_BADGE_EXPORT', 'Bulk Badge Export', 'BADGE_CERTIFICATE', 4, 6, 'Export all badges as ZIP for bulk printing', true, '\u274c', '\u2705', '\u2705'),
    (gen_random_uuid(), 'FEAT_AUTO_CERTIFICATE', 'Auto Certificate Generation', 'BADGE_CERTIFICATE', 4, 7, 'Automatic certificate generation on attendance', true, '\u2705', '\u2705', '\u2705'),
    (gen_random_uuid(), 'FEAT_EMAIL_NOTIFICATIONS', 'Email Notifications', 'COMMUNICATIONS', 5, 1, 'Transactional email notifications', true, '\u2705', '\u2705', '\u2705'),
    (gen_random_uuid(), 'FEAT_REMINDER_EMAILS', 'Reminder Emails', 'COMMUNICATIONS', 5, 2, 'Automated reminder email sequences', true, '\u2705', '\u2705', '\u2705'),
    (gen_random_uuid(), 'FEAT_CAMPAIGN_MGMT', 'Campaign Management', 'COMMUNICATIONS', 5, 3, 'Email campaign creation and scheduling', true, '\u274c', '\u2705', '\u2705'),
    (gen_random_uuid(), 'FEAT_BULK_EMAIL', 'Bulk Email Campaigns', 'COMMUNICATIONS', 5, 4, 'Send bulk emails to attendees/speakers', true, '\u274c', '\u2705', '\u2705'),
    (gen_random_uuid(), 'FEAT_ANNOUNCEMENT_CENTER', 'Announcement Center', 'COMMUNICATIONS', 5, 5, 'In-portal announcement management', true, '\u274c', '\u2705', '\u2705'),
    (gen_random_uuid(), 'FEAT_PUSH_NOTIFICATIONS', 'Push Notifications', 'COMMUNICATIONS', 5, 6, 'Mobile push notifications', true, '\u274c', '\u2705', '\u2705'),
    (gen_random_uuid(), 'FEAT_WHATSAPP', 'WhatsApp Integration', 'COMMUNICATIONS', 5, 7, 'WhatsApp messaging for speakers and attendees', true, '\u274c', 'Optional Add-On', '\u2705'),
    (gen_random_uuid(), 'FEAT_SMS', 'SMS Integration', 'COMMUNICATIONS', 5, 8, 'SMS notifications and OTPs', true, '\u274c', 'Optional Add-On', '\u2705'),
    (gen_random_uuid(), 'FEAT_DEFAULT_THEME', 'Default Theme', 'BRANDING', 6, 1, 'Standard EventX theme for all portals', true, '\u2705', '\u2705', '\u2705'),
    (gen_random_uuid(), 'FEAT_THEME_CUSTOMIZATION', 'Theme Customization', 'BRANDING', 6, 2, 'Customize portal themes', true, '\u274c', '\u2705', '\u2705'),
    (gen_random_uuid(), 'FEAT_CUSTOM_COLORS', 'Custom Colors', 'BRANDING', 6, 3, 'Brand-matching color schemes', true, '\u274c', '\u2705', '\u2705'),
    (gen_random_uuid(), 'FEAT_CUSTOM_FONTS', 'Custom Fonts', 'BRANDING', 6, 4, 'Custom typography selection', true, '\u274c', 'Limited', 'Unlimited'),
    (gen_random_uuid(), 'FEAT_LOGO_BRANDING', 'Logo Branding', 'BRANDING', 6, 5, 'Organization logo on all portals', true, 'Basic', 'Advanced', 'Full White Label'),
    (gen_random_uuid(), 'FEAT_CUSTOM_LOGIN_PAGE', 'Custom Login Page', 'BRANDING', 6, 6, 'Fully branded login experience', true, '\u274c', '\u274c', '\u2705'),
    (gen_random_uuid(), 'FEAT_EMAIL_SUPPORT', 'Email Support', 'SUPPORT', 7, 1, 'Email-based customer support', true, '\u2705', '\u2705', '\u2705'),
    (gen_random_uuid(), 'FEAT_OFFICE_HOURS_SUPPORT', 'Office Hours Support', 'SUPPORT', 7, 2, 'Support during business hours', true, '\u2705', '\u2705', '\u274c'),
    (gen_random_uuid(), 'FEAT_PRIORITY_SUPPORT', 'Priority Support', 'SUPPORT', 7, 3, 'Priority queue for support tickets', true, '\u274c', '\u2705', '\u2705'),
    (gen_random_uuid(), 'FEAT_DEDICATED_MANAGER', 'Dedicated Account Manager', 'SUPPORT', 7, 4, 'Personal account manager assigned', true, '\u274c', '\u274c', '\u2705'),
    (gen_random_uuid(), 'FEAT_24x7_SUPPORT', '24×7 Support', 'SUPPORT', 7, 5, 'Round-the-clock support availability', true, '\u274c', '\u2705', '\u2705'),
    (gen_random_uuid(), 'FEAT_SLA', 'SLA Commitment', 'SUPPORT', 7, 6, 'Formal service level agreement', true, '\u274c', '\u274c', '\u2705'),
    (gen_random_uuid(), 'FEAT_MOBILE_APP', 'Mobile App Support', 'MOBILE_INTEGRATIONS', 8, 1, 'Mobile app access for attendees', true, '\u274c', 'External App Support', 'Full Mobile App'),
    (gen_random_uuid(), 'FEAT_EVENT_APP_BRANDING', 'Event App Branding', 'MOBILE_INTEGRATIONS', 8, 2, 'Branded mobile app experience', true, '\u274c', 'Basic', 'Fully Branded'),
    (gen_random_uuid(), 'FEAT_API_ACCESS', 'API Access', 'MOBILE_INTEGRATIONS', 8, 3, 'REST API for integrations', true, '\u274c', 'Limited', 'Full'),
    (gen_random_uuid(), 'FEAT_WEBHOOKS', 'Webhooks', 'MOBILE_INTEGRATIONS', 8, 4, 'Event-driven webhook notifications', true, '\u274c', 'Limited', 'Full'),
    (gen_random_uuid(), 'FEAT_THIRD_PARTY_INTEGRATIONS', 'Third-Party Integrations', 'MOBILE_INTEGRATIONS', 8, 5, 'Connect with external tools and services', true, '\u274c', 'Basic', 'Enterprise'),
    (gen_random_uuid(), 'FEAT_VENUE_SUPPORT', 'Venue Support', 'VENUE_OPERATIONS', 9, 1, 'Onsite venue operational support', true, 'On Demand', 'On Demand', 'Priority'),
    (gen_random_uuid(), 'FEAT_READY_ROOM', 'Ready Room Operations', 'VENUE_OPERATIONS', 9, 2, 'Speaker ready room check-in and management', true, '\u274c', '\u2705', '\u2705'),
    (gen_random_uuid(), 'FEAT_SPEAKER_CHECKIN', 'Speaker Check-In', 'VENUE_OPERATIONS', 9, 3, 'Venue SRR station speaker check-in', true, '\u274c', '\u2705', '\u2705'),
    (gen_random_uuid(), 'FEAT_SESSION_QUEUE', 'Session Queue Management', 'VENUE_OPERATIONS', 9, 4, 'Presentation queue and scheduling display', true, '\u274c', '\u2705', '\u2705'),
    (gen_random_uuid(), 'FEAT_DEVICE_MONITORING', 'Device Monitoring', 'VENUE_OPERATIONS', 9, 5, 'Venue device health and status monitoring', true, '\u274c', '\u2705', '\u2705'),
    (gen_random_uuid(), 'FEAT_DIGITAL_SIGNAGE', 'Digital Signage', 'VENUE_OPERATIONS', 9, 6, 'Digital display management system', true, '\u274c', 'Optional', '\u2705'),
    (gen_random_uuid(), 'FEAT_EPOSTER_MGMT', 'ePoster Management', 'VENUE_OPERATIONS', 9, 7, 'Electronic poster session management', true, '\u274c', 'Optional', '\u2705'),
    (gen_random_uuid(), 'FEAT_VENUE_SYNC', 'Venue Sync Services', 'VENUE_OPERATIONS', 9, 8, 'File synchronization to venue devices', true, '\u274c', '\u2705', '\u2705'),
    (gen_random_uuid(), 'FEAT_ONSITE_TECH_SUPPORT', 'Onsite Technical Support', 'VENUE_OPERATIONS', 9, 9, 'Technical team present at venue during event', true, 'Paid', 'Paid', 'Included Option')
    ON CONFLICT (key) DO NOTHING;
    ]
(Background on this error at: https://sqlalche.me/e/20/f405)

Class AssetPermission column asset_id has FKs: {ForeignKey('files.assets.id')}
  FK: ForeignKey('files.assets.id'), original colspec: files.assets.id
Class AssetPermission column user_id has FKs: {ForeignKey('identity.users.id')}
  FK: ForeignKey('identity.users.id'), original colspec: identity.users.id
Class UploadSession column organization_id has FKs: {ForeignKey('platform.organizations.id')}
  FK: ForeignKey('platform.organizations.id'), original colspec: platform.organizations.id
Class UploadSession column user_id has FKs: {ForeignKey('identity.users.id')}
  FK: ForeignKey('identity.users.id'), original colspec: identity.users.id
Class VirusScan column asset_id has FKs: {ForeignKey('files.assets.id')}
  FK: ForeignKey('files.assets.id'), original colspec: files.assets.id
Class JobExecution column job_id has FKs: {ForeignKey('jobs.background_jobs.id')}
  FK: ForeignKey('jobs.background_jobs.id'), original colspec: jobs.background_jobs.id
Class JobFailure column execution_id has FKs: {ForeignKey('jobs.job_executions.id')}
  FK: ForeignKey('jobs.job_executions.id'), original colspec: jobs.job_executions.id
Class JobSchedule column job_id has FKs: {ForeignKey('jobs.background_jobs.id')}
  FK: ForeignKey('jobs.background_jobs.id'), original colspec: jobs.background_jobs.id
Class SearchIndex column organization_id has FKs: {ForeignKey('platform.organizations.id')}
  FK: ForeignKey('platform.organizations.id'), original colspec: platform.organizations.id
Class SearchDocument column index_id has FKs: {ForeignKey('search.search_indexes.id')}
  FK: ForeignKey('search.search_indexes.id'), original colspec: search.search_indexes.id
Class SearchJob column organization_id has FKs: {ForeignKey('platform.organizations.id')}
  FK: ForeignKey('platform.organizations.id'), original colspec: platform.organizations.id
Class Sponsor column organization_id has FKs: {ForeignKey('platform.organizations.id')}
  FK: ForeignKey('platform.organizations.id'), original colspec: platform.organizations.id
Class SponsorContact column sponsor_id has FKs: {ForeignKey('sponsors.sponsors.id')}
  FK: ForeignKey('sponsors.sponsors.id'), original colspec: sponsors.sponsors.id
Class SponsorBooth column sponsor_id has FKs: {ForeignKey('sponsors.sponsors.id')}
  FK: ForeignKey('sponsors.sponsors.id'), original colspec: sponsors.sponsors.id
Class SponsorDeliverable column sponsor_id has FKs: {ForeignKey('sponsors.sponsors.id')}
  FK: ForeignKey('sponsors.sponsors.id'), original colspec: sponsors.sponsors.id
Class SponsorInvoice column sponsor_id has FKs: {ForeignKey('sponsors.sponsors.id')}
  FK: ForeignKey('sponsors.sponsors.id'), original colspec: sponsors.sponsors.id
Class SponsorAsset column sponsor_id has FKs: {ForeignKey('sponsors.sponsors.id')}
  FK: ForeignKey('sponsors.sponsors.id'), original colspec: sponsors.sponsors.id
Class MobileDevice column user_id has FKs: {ForeignKey('identity.users.id')}
  FK: ForeignKey('identity.users.id'), original colspec: identity.users.id
Class MobileSession column device_id has FKs: {ForeignKey('mobile.devices.id')}
  FK: ForeignKey('mobile.devices.id'), original colspec: mobile.devices.id
Class MobileDeviceToken column device_id has FKs: {ForeignKey('mobile.devices.id')}
  FK: ForeignKey('mobile.devices.id'), original colspec: mobile.devices.id
Class MobileCrashLog column device_id has FKs: {ForeignKey('mobile.devices.id')}
  FK: ForeignKey('mobile.devices.id'), original colspec: mobile.devices.id
Class MobilePushQueue column device_id has FKs: {ForeignKey('mobile.devices.id')}
  FK: ForeignKey('mobile.devices.id'), original colspec: mobile.devices.id
Class MobileSyncQueue column device_id has FKs: {ForeignKey('mobile.devices.id')}
  FK: ForeignKey('mobile.devices.id'), original colspec: mobile.devices.id
Class MobileOfflineChange column device_id has FKs: {ForeignKey('mobile.devices.id')}
  FK: ForeignKey('mobile.devices.id'), original colspec: mobile.devices.id
Class AiPromptVersion column prompt_id has FKs: {ForeignKey('ai.prompts.id')}
  FK: ForeignKey('ai.prompts.id'), original colspec: ai.prompts.id
Class AiConversation column organization_id has FKs: {ForeignKey('platform.organizations.id')}
  FK: ForeignKey('platform.organizations.id'), original colspec: platform.organizations.id
Class AiConversation column user_id has FKs: {ForeignKey('identity.users.id')}
  FK: ForeignKey('identity.users.id'), original colspec: identity.users.id
Class AiMessage column conversation_id has FKs: {ForeignKey('ai.conversations.id')}
  FK: ForeignKey('ai.conversations.id'), original colspec: ai.conversations.id
Class AiAction column conversation_id has FKs: {ForeignKey('ai.conversations.id')}
  FK: ForeignKey('ai.conversations.id'), original colspec: ai.conversations.id
Class AiUsage column organization_id has FKs: {ForeignKey('platform.organizations.id')}
  FK: ForeignKey('platform.organizations.id'), original colspec: platform.organizations.id
Class AiCostTracking column organization_id has FKs: {ForeignKey('platform.organizations.id')}
  FK: ForeignKey('platform.organizations.id'), original colspec: platform.organizations.id
Class AiFeedback column message_id has FKs: {ForeignKey('ai.messages.id')}
  FK: ForeignKey('ai.messages.id'), original colspec: ai.messages.id
